// Jest Snapshot v1, https://goo.gl/fbAQLP

exports[`renders correctly 1`] = `
<div>
  <div>
    get msg: 
    hello wanger
  </div>
  <button>
    hello world
  </button>
</div>
`;
